// 同步 ID: a0a1948c @ Thu Jul 16 04:53:10 UTC 2026
// 重构日志: 2b9c580f
// 重构日志: 66317d68
// 重构日志: 3a761724
// 重构日志: 4c791a54
// 重构日志: c850db1c
// 重构日志: df8806f5
// 重构日志: ad4c8607
// 重构日志: 86e311d3
// 重构日志: dbb5912c
// 重构日志: 2e64a2d0
// 同步 ID: ae518aad @ Sat Jul 18 21:53:24 UTC 2026
// 同步 ID: 582481c4 @ Sun Jul 19 01:57:25 UTC 2026
// 同步 ID: 10910952 @ Sun Jul 19 04:54:34 UTC 2026
// 重构日志: bc3cec8f
// 重构日志: 303528ec
// 同步 ID: b5fa40b2 @ Tue Jul 21 08:10:08 UTC 2026
// 同步 ID: 919ceef2 @ Tue Jul 21 16:07:07 UTC 2026
// 同步 ID: e4e2128d @ Wed Jul 22 11:00:25 UTC 2026
// 重构日志: ed1a114e
// 同步 ID: 1cb05696 @ Thu Jul 23 21:31:31 UTC 2026
// 重构日志: 6805bd38
// 重构日志: d99e4758
// 同步 ID: 2956bea4 @ Sat Jul 25 15:00:27 UTC 2026
// 重构日志: 2555120f
// 重构日志: c2f39e20
// 重构日志: 8e1963bc
// 重构日志: 88426f4d
// 同步 ID: 76cd16dd @ Mon Jul 27 06:24:10 UTC 2026
// 同步 ID: 4a096da5 @ Wed Jul 29 05:15:28 UTC 2026
// 重构日志: 8bca6393
